2018-11-10T14:58:41.853Z info: A request was received
2018-11-10T14:58:51.865Z info: A request was received
2018-11-10T14:59:01.885Z info: A request was received
2018-11-10T14:59:11.901Z info: A request was received
2018-11-10T14:59:21.916Z info: A request was received
2018-11-10T14:59:31.929Z info: A request was received
2018-11-10T14:59:41.944Z info: A request was received
2018-11-10T14:59:51.961Z info: A request was received
2018-11-10T15:00:02.025Z info: A request was received/depth?depth=1
2018-11-10T15:00:12.042Z info: A request was received/depth?depth=1
2018-11-10T15:00:22.056Z info: A request was received/depth?depth=1
2018-11-10T15:00:32.075Z info: A request was received/depth?depth=1
2018-11-10T15:00:42.090Z info: A request was received/depth?depth=1
2018-11-10T15:00:52.105Z info: A request was received/depth?depth=1
2018-11-10T15:01:02.120Z info: A request was received/depth?depth=1
2018-11-10T15:01:12.137Z info: A request was received/depth?depth=1
2018-11-10T15:01:22.153Z info: A request was received/depth?depth=1
2018-11-10T15:01:32.168Z info: A request was received/depth?depth=1
2018-11-10T15:01:42.183Z info: A request was received/depth?depth=1
2018-11-10T15:01:52.200Z info: A request was received/depth?depth=1
2018-11-10T15:02:02.216Z info: A request was received/depth?depth=1
2018-11-10T15:02:12.230Z info: A request was received/depth?depth=1
2018-11-10T15:02:22.245Z info: A request was received/depth?depth=1
2018-11-10T15:02:32.257Z info: A request was received/depth?depth=1
2018-11-10T15:03:13.536Z info: A request was received/depth?depth=69
2018-11-10T15:03:23.558Z info: A request was received/depth?depth=70
2018-11-10T15:03:33.694Z info: A request was received/depth?depth=1987
2018-11-10T15:03:43.719Z info: A request was received/depth?depth=69
2018-11-10T15:03:53.751Z info: A request was received/depth?depth=286
2018-11-10T15:04:03.898Z info: A request was received/depth?depth=2237
2018-11-10T15:04:14.042Z info: A request was received/depth?depth=2227
2018-11-10T15:04:24.187Z info: A request was received/depth?depth=2228
2018-11-10T15:04:34.219Z info: A request was received/depth?depth=287
2018-11-10T15:04:44.364Z info: A request was received/depth?depth=2230
2018-11-10T15:04:54.508Z info: A request was received/depth?depth=2231
2018-11-10T15:05:04.656Z info: A request was received/depth?depth=2234
2018-11-10T15:05:14.804Z info: A request was received/depth?depth=2233
2018-11-10T15:05:24.947Z info: A request was received/depth?depth=2237
2018-11-10T15:05:35.090Z info: A request was received/depth?depth=2227
2018-11-10T15:05:45.234Z info: A request was received/depth?depth=2228
2018-11-10T15:05:51.992Z error: failed to write to datastore.
2018-11-10T15:05:55.430Z info: A request was received/depth?depth=2229
2018-11-10T15:06:05.454Z info: A request was received/depth?depth=15
2018-11-10T15:06:15.477Z info: A request was received/depth?depth=70
2018-11-10T15:06:25.621Z info: A request was received/depth?depth=2235
2018-11-10T15:06:35.765Z info: A request was received/depth?depth=2236
2018-11-10T15:06:45.849Z info: A request was received/depth?depth=1197
2018-11-10T15:06:55.993Z info: A request was received/depth?depth=2233
2018-11-10T15:07:01.614Z error: failed to write to datastore.
2018-11-10T15:07:06.190Z info: A request was received/depth?depth=2234
2018-11-10T15:07:16.338Z info: A request was received/depth?depth=2231
2018-11-10T15:07:26.523Z error: failed to write to datastore.null
2018-11-10T15:07:36.671Z info: A request was received/depth?depth=2232
2018-11-10T15:07:46.820Z info: A request was received/depth?depth=2229
2018-11-10T15:07:56.841Z info: A request was received/depth?depth=72
2018-11-10T15:13:20.279Z info: A request was received/depth?depth=2082
2018-11-10T15:13:30.303Z info: A request was received/depth?depth=69
2018-11-10T15:13:40.321Z info: A request was received/depth?depth=68
2018-11-10T15:13:50.345Z info: A request was received/depth?depth=68
2018-11-10T15:14:00.367Z info: A request was received/depth?depth=72
2018-11-10T15:14:10.514Z info: A request was received/depth?depth=2233
2018-11-10T15:14:20.535Z info: A request was received/depth?depth=97
2018-11-10T15:14:30.679Z info: A request was received/depth?depth=2234
2018-11-10T15:14:40.825Z info: A request was received/depth?depth=2235
2018-11-10T15:14:50.969Z info: A request was received/depth?depth=2226
2018-11-10T15:15:01.116Z info: A request was received/depth?depth=2228
2018-11-10T15:15:11.260Z info: A request was received/depth?depth=2229
2018-11-10T15:15:21.404Z info: A request was received/depth?depth=2231
2018-11-10T15:15:31.553Z info: A request was received/depth?depth=2232
2018-11-10T15:15:41.590Z info: A request was received/depth?depth=287
2018-11-10T15:15:51.611Z info: A request was received/depth?depth=97
2018-11-10T15:16:01.755Z info: A request was received/depth?depth=2234
2018-11-10T15:16:11.905Z info: A request was received/depth?depth=2235
2018-11-10T15:16:22.052Z info: A request was received/depth?depth=2225
2018-11-10T15:16:32.196Z info: A request was received/depth?depth=2226
2018-11-10T15:16:42.340Z info: A request was received/depth?depth=2229
2018-11-10T15:16:52.483Z info: A request was received/depth?depth=2231
2018-11-10T15:17:02.633Z info: A request was received/depth?depth=2232
2018-11-10T15:17:12.765Z info: A request was received/depth?depth=2001
2018-11-10T15:17:22.909Z info: A request was received/depth?depth=2234
2018-11-10T15:17:33.054Z info: A request was received/depth?depth=2234
2018-11-10T15:17:43.198Z info: A request was received/depth?depth=2225
2018-11-10T15:17:53.342Z info: A request was received/depth?depth=2235
2018-11-10T15:18:03.377Z info: A request was received/depth?depth=285
2018-11-10T15:18:13.397Z info: A request was received/depth?depth=73
2018-11-10T15:18:23.541Z info: A request was received/depth?depth=2228
2018-11-10T15:18:33.686Z info: A request was received/depth?depth=2230
2018-11-10T15:18:43.890Z info: A request was received [/depth?depth=2234] with a depth of [2234]
2018-11-10T15:18:53.929Z info: A request was received [/depth?depth=287] with a depth of [287]
2018-11-10T15:19:03.950Z info: A request was received [/depth?depth=69] with a depth of [69]
2018-11-10T15:19:14.097Z info: A request was received [/depth?depth=2227] with a depth of [2227]
2018-11-10T15:19:24.121Z info: A request was received [/depth?depth=71] with a depth of [71]
2018-11-10T15:19:34.142Z info: A request was received [/depth?depth=73] with a depth of [73]
2018-11-10T15:19:44.163Z info: A request was received [/depth?depth=71] with a depth of [71]
2018-11-10T15:19:54.186Z info: A request was received [/depth?depth=64] with a depth of [64]
2018-11-10T15:20:04.208Z info: A request was received [/depth?depth=67] with a depth of [67]
2018-11-10T15:20:14.353Z info: A request was received [/depth?depth=2226] with a depth of [2226]
2018-11-10T15:20:24.497Z info: A request was received [/depth?depth=2227] with a depth of [2227]
2018-11-10T15:20:34.641Z info: A request was received [/depth?depth=2228] with a depth of [2228]
2018-11-10T15:20:44.784Z info: A request was received [/depth?depth=2230] with a depth of [2230]
2018-11-10T15:20:54.931Z info: A request was received [/depth?depth=2231] with a depth of [2231]
2018-11-10T15:21:05.075Z info: A request was received [/depth?depth=2233] with a depth of [2233]
2018-11-10T15:21:15.155Z info: A request was received [/depth?depth=68] with a depth of [68]
2018-11-10T15:21:25.179Z info: A request was received [/depth?depth=72] with a depth of [72]
2018-11-10T15:21:35.323Z info: A request was received [/depth?depth=2228] with a depth of [2228]
2018-11-10T15:21:45.467Z info: A request was received [/depth?depth=2229] with a depth of [2229]
2018-11-10T15:21:55.611Z info: A request was received [/depth?depth=2230] with a depth of [2230]
2018-11-10T15:22:05.756Z info: A request was received [/depth?depth=2231] with a depth of [2231]
2018-11-10T15:22:15.841Z info: A request was received [/depth?depth=1211] with a depth of [1211]
2018-11-10T15:22:25.986Z info: A request was received [/depth?depth=2228] with a depth of [2228]
2018-11-10T15:22:36.131Z info: A request was received [/depth?depth=2230] with a depth of [2230]
2018-11-10T15:22:46.279Z info: A request was received [/depth?depth=2231] with a depth of [2231]
2018-11-10T15:22:56.423Z info: A request was received [/depth?depth=2234] with a depth of [2234]
2018-11-10T15:23:06.567Z info: A request was received [/depth?depth=2223] with a depth of [2223]
2018-11-10T15:23:16.710Z info: A request was received [/depth?depth=2225] with a depth of [2225]
2018-11-10T15:23:26.853Z info: A request was received [/depth?depth=2226] with a depth of [2226]
2018-11-10T15:23:36.996Z info: A request was received [/depth?depth=2228] with a depth of [2228]
2018-11-10T15:23:47.035Z info: A request was received [/depth?depth=423] with a depth of [423]
2018-11-10T15:23:57.181Z info: A request was received [/depth?depth=2230] with a depth of [2230]
2018-11-10T15:24:07.330Z info: A request was received [/depth?depth=2232] with a depth of [2232]
2018-11-10T15:24:17.474Z info: A request was received [/depth?depth=2233] with a depth of [2233]
2018-11-10T15:24:27.494Z info: A request was received [/depth?depth=65] with a depth of [65]
2018-11-10T15:24:37.516Z info: A request was received [/depth?depth=64] with a depth of [64]
2018-11-10T15:24:47.535Z info: A request was received [/depth?depth=63] with a depth of [63]
2018-11-10T15:24:57.556Z info: A request was received [/depth?depth=61] with a depth of [61]
2018-11-10T15:25:07.700Z info: A request was received [/depth?depth=2232] with a depth of [2232]
2018-11-10T15:25:17.842Z info: A request was received [/depth?depth=2232] with a depth of [2232]
2018-11-10T15:25:27.861Z info: A request was received [/depth?depth=58] with a depth of [58]
2018-11-10T15:25:38.005Z info: A request was received [/depth?depth=2233] with a depth of [2233]
2018-11-10T15:25:48.094Z info: A request was received [/depth?depth=1282] with a depth of [1282]
2018-11-10T15:25:58.239Z info: A request was received [/depth?depth=2230] with a depth of [2230]
2018-11-10T15:26:08.383Z info: A request was received [/depth?depth=2234] with a depth of [2234]
2018-11-10T15:26:18.449Z info: A request was received [/depth?depth=97] with a pathname of [undefined] depth of [97]
2018-11-10T15:26:18.595Z info: 1 document inserted into database.
2018-11-10T15:26:43.599Z info: A request was received [/depth?depth=281] with a pathname of [undefined] depth of [281]
2018-11-10T15:26:43.726Z info: 1 document inserted into database.
2018-11-10T15:26:53.621Z info: A request was received [/depth?depth=62] with a pathname of [undefined] depth of [62]
2018-11-10T15:26:53.652Z info: 1 document inserted into database.
2018-11-10T15:27:03.642Z info: A request was received [/depth?depth=66] with a pathname of [undefined] depth of [66]
2018-11-10T15:27:03.659Z info: 1 document inserted into database.
2018-11-10T15:27:13.666Z info: A request was received [/depth?depth=171] with a pathname of [undefined] depth of [171]
2018-11-10T15:27:13.684Z info: 1 document inserted into database.
2018-11-10T15:27:23.697Z info: A request was received [/depth?depth=289] with a pathname of [undefined] depth of [289]
2018-11-10T15:27:23.714Z info: 1 document inserted into database.
2018-11-10T15:27:33.722Z info: A request was received [/depth?depth=192] with a pathname of [undefined] depth of [192]
2018-11-10T15:27:33.739Z info: 1 document inserted into database.
2018-11-10T15:27:43.803Z info: A request was received [/depth?depth=48] with a pathname of [/depth] depth of [undefined]
2018-11-10T15:27:43.954Z info: 1 document inserted into database.
2018-11-10T15:27:53.825Z info: A request was received [/depth?depth=63] with a pathname of [/depth] depth of [undefined]
2018-11-10T15:27:53.869Z info: 1 document inserted into database.
2018-11-10T15:28:03.846Z info: A request was received [/depth?depth=63] with a pathname of [/depth] depth of [undefined]
2018-11-10T15:28:03.869Z info: 1 document inserted into database.
2018-11-10T15:28:13.989Z info: A request was received [/depth?depth=2225] with a pathname of [/depth] depth of [undefined]
2018-11-10T15:28:14.008Z info: 1 document inserted into database.
2018-11-10T15:28:24.134Z info: A request was received [/depth?depth=2226] with a pathname of [/depth] depth of [undefined]
2018-11-10T15:28:24.151Z info: 1 document inserted into database.
2018-11-10T15:28:34.277Z info: A request was received [/depth?depth=2228] with a pathname of [/depth] depth of [undefined]
2018-11-10T15:28:34.293Z info: 1 document inserted into database.
2018-11-10T15:28:44.420Z info: A request was received [/depth?depth=2230] with a pathname of [/depth] depth of [undefined]
2018-11-10T15:28:44.429Z info: 1 document inserted into database.
2018-11-10T15:29:04.768Z info: A request was received [/depth?depth=2231] with a pathname of [/depth] depth of [2231]
2018-11-10T15:29:04.993Z info: 1 document inserted into database.
2018-11-10T15:29:14.911Z info: A request was received [/depth?depth=2228] with a pathname of [/depth] depth of [2228]
2018-11-10T15:29:14.946Z info: 1 document inserted into database.
2018-11-10T15:29:25.061Z info: A request was received [/depth?depth=2230] with a pathname of [/depth] depth of [2230]
2018-11-10T15:29:25.079Z info: 1 document inserted into database.
2018-11-10T15:29:35.205Z info: A request was received [/depth?depth=2232] with a pathname of [/depth] depth of [2232]
2018-11-10T15:29:35.221Z info: 1 document inserted into database.
2018-11-10T15:30:26.106Z info: ******************** Starting up.
2018-11-10T15:30:35.962Z info: A request was received [/depth?depth=2227] with a pathname of [/depth] depth of [2227]
2018-11-10T15:30:36.131Z info: 1 document inserted into database.
2018-11-10T15:30:46.092Z info: A request was received [/depth?depth=1940] with a pathname of [/depth] depth of [1940]
2018-11-10T15:30:46.122Z info: 1 document inserted into database.
2018-11-10T15:30:56.112Z info: A request was received [/depth?depth=61] with a pathname of [/depth] depth of [61]
2018-11-10T15:30:56.131Z info: 1 document inserted into database.
2018-11-10T15:31:06.136Z info: A request was received [/depth?depth=64] with a pathname of [/depth] depth of [64]
2018-11-10T15:31:06.152Z info: 1 document inserted into database.
2018-11-10T15:31:16.170Z info: A request was received [/depth?depth=286] with a pathname of [/depth] depth of [286]
2018-11-10T15:31:16.186Z info: 1 document inserted into database.
2018-11-10T15:31:26.190Z info: A request was received [/depth?depth=55] with a pathname of [/depth] depth of [55]
2018-11-10T15:31:26.206Z info: 1 document inserted into database.
2018-11-10T15:31:36.209Z info: A request was received [/depth?depth=61] with a pathname of [/depth] depth of [61]
2018-11-10T15:31:36.225Z info: 1 document inserted into database.
2018-11-10T15:31:46.231Z info: A request was received [/depth?depth=62] with a pathname of [/depth] depth of [62]
2018-11-10T15:31:46.247Z info: 1 document inserted into database.
2018-11-10T15:31:56.375Z info: A request was received [/depth?depth=2227] with a pathname of [/depth] depth of [2227]
2018-11-10T15:31:56.390Z info: 1 document inserted into database.
2018-11-10T15:32:06.522Z info: A request was received [/depth?depth=2228] with a pathname of [/depth] depth of [2228]
2018-11-10T15:32:06.537Z info: 1 document inserted into database.
2018-11-10T15:32:16.670Z info: A request was received [/depth?depth=2230] with a pathname of [/depth] depth of [2230]
2018-11-10T15:32:16.686Z info: 1 document inserted into database.
2018-11-10T15:32:26.702Z info: A request was received [/depth?depth=284] with a pathname of [/depth] depth of [284]
2018-11-10T15:32:26.718Z info: 1 document inserted into database.
2018-11-10T15:32:36.724Z info: A request was received [/depth?depth=67] with a pathname of [/depth] depth of [67]
2018-11-10T15:32:36.741Z info: 1 document inserted into database.
2018-11-10T15:39:09.644Z info: ******************** Starting up.
2018-11-10T15:39:10.207Z info: A request was received [/depth?depth=2228] with a pathname of [/depth]
2018-11-10T15:40:20.684Z info: ******************** Starting up.
2018-11-10T15:40:20.947Z info: A request was received [/depth?depth=2230] with a pathname of [/depth]
2018-11-10T15:40:20.948Z info: About to store a depth of [2230]
2018-11-10T15:40:20.997Z info: About to store a depth of [2230]
2018-11-10T15:40:21.092Z info: 1 document inserted into database.
2018-11-10T15:40:21.098Z info: 1 document inserted into database.
2018-11-10T15:40:31.148Z info: A request was received [/depth?depth=2228] with a pathname of [/depth]
2018-11-10T15:40:31.149Z info: About to store a depth of [2228]
2018-11-10T15:40:31.163Z info: About to store a depth of [2228]
2018-11-10T15:40:31.203Z info: 1 document inserted into database.
2018-11-10T15:40:31.208Z info: 1 document inserted into database.
2018-11-10T15:40:41.306Z info: A request was received [/depth?depth=2222] with a pathname of [/depth]
2018-11-10T15:40:41.307Z info: About to store a depth of [2222]
2018-11-10T15:40:41.314Z info: About to store a depth of [2222]
2018-11-10T15:40:41.338Z info: 1 document inserted into database.
2018-11-10T15:40:41.341Z info: 1 document inserted into database.
2018-11-10T15:40:51.458Z info: A request was received [/depth?depth=2223] with a pathname of [/depth]
2018-11-10T15:40:51.459Z info: About to store a depth of [2223]
2018-11-10T15:40:51.465Z info: About to store a depth of [2223]
2018-11-10T15:40:51.488Z info: 1 document inserted into database.
2018-11-10T15:40:51.491Z info: 1 document inserted into database.
2018-11-10T15:40:58.325Z info: ******************** Starting up.
2018-11-10T15:41:01.650Z info: A request was received [/depth?depth=2226] with a pathname of [/depth]
2018-11-10T15:41:01.653Z info: About to store a depth of [2226]
2018-11-10T15:41:01.819Z info: 1 document inserted into database.
2018-11-10T15:41:11.987Z info: A request was received [/depth?depth=2229] with a pathname of [/depth]
2018-11-10T15:41:11.988Z info: About to store a depth of [2229]
2018-11-10T15:41:12.031Z info: 1 document inserted into database.
2018-11-10T15:41:22.152Z info: A request was received [/depth?depth=2223] with a pathname of [/depth]
2018-11-10T15:41:22.153Z info: About to store a depth of [2223]
2018-11-10T15:41:22.174Z info: 1 document inserted into database.
2018-11-10T15:41:32.305Z info: A request was received [/depth?depth=2233] with a pathname of [/depth]
2018-11-10T15:41:32.306Z info: About to store a depth of [2233]
2018-11-10T15:41:32.323Z info: 1 document inserted into database.
2018-11-10T15:41:35.522Z info: ******************** Starting up.
2018-11-10T15:41:42.478Z info: A request was received [/depth?depth=2228] with a pathname of [/depth]
2018-11-10T15:41:42.479Z info: About to store a depth of [2228]
2018-11-10T15:41:42.606Z info: 1 document inserted into database.
2018-11-10T15:41:52.678Z info: A request was received [/depth?depth=2226] with a pathname of [/depth]
2018-11-10T15:41:52.679Z info: About to store a depth of [2226]
2018-11-10T15:41:52.724Z info: 1 document inserted into database.
2018-11-10T15:42:02.843Z info: A request was received [/depth?depth=2230] with a pathname of [/depth]
2018-11-10T15:42:02.844Z info: About to store a depth of [2230]
2018-11-10T15:42:02.868Z info: 1 document inserted into database.
2018-11-10T15:42:12.887Z info: A request was received [/depth?depth=283] with a pathname of [/depth]
2018-11-10T15:42:12.887Z info: About to store a depth of [283]
2018-11-10T15:42:12.899Z info: 1 document inserted into database.
2018-11-10T15:42:22.910Z info: A request was received [/depth?depth=43] with a pathname of [/depth]
2018-11-10T15:42:22.910Z info: About to store a depth of [43]
2018-11-10T15:42:22.922Z info: 1 document inserted into database.
2018-11-10T15:42:33.056Z info: A request was received [/depth?depth=2223] with a pathname of [/depth]
2018-11-10T15:42:33.056Z info: About to store a depth of [2223]
2018-11-10T15:42:33.068Z info: 1 document inserted into database.
2018-11-10T15:42:43.092Z info: A request was received [/depth?depth=284] with a pathname of [/depth]
2018-11-10T15:42:43.093Z info: About to store a depth of [284]
2018-11-10T15:42:43.112Z info: 1 document inserted into database.
2018-11-10T15:42:53.124Z info: A request was received [/depth?depth=148] with a pathname of [/depth]
2018-11-10T15:42:53.125Z info: About to store a depth of [148]
2018-11-10T15:42:53.134Z info: 1 document inserted into database.
2018-11-10T15:43:03.163Z info: A request was received [/depth?depth=286] with a pathname of [/depth]
2018-11-10T15:43:03.164Z info: About to store a depth of [286]
2018-11-10T15:43:03.182Z info: 1 document inserted into database.
2018-11-10T15:43:13.240Z info: A request was received [/depth?depth=976] with a pathname of [/depth]
2018-11-10T15:43:13.240Z info: About to store a depth of [976]
2018-11-10T15:43:13.251Z info: 1 document inserted into database.
2018-11-10T15:43:23.266Z info: A request was received [/depth?depth=62] with a pathname of [/depth]
2018-11-10T15:43:23.267Z info: About to store a depth of [62]
2018-11-10T15:43:23.285Z info: 1 document inserted into database.
2018-11-10T15:43:25.382Z info: A request was received [/] with a pathname of [/]
2018-11-10T15:43:25.485Z info: A request was received [/favicon.ico] with a pathname of [/favicon.ico]
2018-11-10T15:43:33.304Z info: A request was received [/depth?depth=77] with a pathname of [/depth]
2018-11-10T15:43:33.304Z info: About to store a depth of [77]
2018-11-10T15:43:33.324Z info: 1 document inserted into database.
2018-11-10T15:43:43.458Z info: A request was received [/depth?depth=2223] with a pathname of [/depth]
2018-11-10T15:43:43.459Z info: About to store a depth of [2223]
2018-11-10T15:43:43.478Z info: 1 document inserted into database.
2018-11-10T15:43:53.609Z info: A request was received [/depth?depth=2225] with a pathname of [/depth]
2018-11-10T15:43:53.609Z info: About to store a depth of [2225]
2018-11-10T15:43:53.627Z info: 1 document inserted into database.
2018-11-10T15:44:03.690Z info: A request was received [/depth?depth=1070] with a pathname of [/depth]
2018-11-10T15:44:03.690Z info: About to store a depth of [1070]
2018-11-10T15:44:03.700Z info: 1 document inserted into database.
2018-11-10T15:44:13.837Z info: A request was received [/depth?depth=2232] with a pathname of [/depth]
2018-11-10T15:44:13.838Z info: About to store a depth of [2232]
2018-11-10T15:44:13.855Z info: 1 document inserted into database.
2018-11-10T15:44:23.990Z info: A request was received [/depth?depth=2223] with a pathname of [/depth]
2018-11-10T15:44:23.991Z info: About to store a depth of [2223]
2018-11-10T15:44:24.016Z info: 1 document inserted into database.
2018-11-10T15:44:34.140Z info: A request was received [/depth?depth=2233] with a pathname of [/depth]
2018-11-10T15:44:34.141Z info: About to store a depth of [2233]
2018-11-10T15:44:34.159Z info: 1 document inserted into database.
2018-11-10T15:44:44.291Z info: A request was received [/depth?depth=2228] with a pathname of [/depth]
2018-11-10T15:44:44.291Z info: About to store a depth of [2228]
2018-11-10T15:44:44.309Z info: 1 document inserted into database.
2018-11-10T15:44:54.444Z info: A request was received [/depth?depth=2229] with a pathname of [/depth]
2018-11-10T15:44:54.444Z info: About to store a depth of [2229]
2018-11-10T15:44:54.462Z info: 1 document inserted into database.
2018-11-10T15:45:04.595Z info: A request was received [/depth?depth=2231] with a pathname of [/depth]
2018-11-10T15:45:04.595Z info: About to store a depth of [2231]
2018-11-10T15:45:04.613Z info: 1 document inserted into database.
2018-11-10T15:45:14.745Z info: A request was received [/depth?depth=2223] with a pathname of [/depth]
2018-11-10T15:45:14.745Z info: About to store a depth of [2223]
2018-11-10T15:45:14.763Z info: 1 document inserted into database.
2018-11-10T15:45:24.895Z info: A request was received [/depth?depth=2226] with a pathname of [/depth]
2018-11-10T15:45:24.896Z info: About to store a depth of [2226]
2018-11-10T15:45:24.913Z info: 1 document inserted into database.
2018-11-10T15:45:35.045Z info: A request was received [/depth?depth=2227] with a pathname of [/depth]
2018-11-10T15:45:35.046Z info: About to store a depth of [2227]
2018-11-10T15:45:35.063Z info: 1 document inserted into database.
2018-11-10T15:45:45.198Z info: A request was received [/depth?depth=2229] with a pathname of [/depth]
2018-11-10T15:45:45.198Z info: About to store a depth of [2229]
2018-11-10T15:45:45.208Z info: 1 document inserted into database.
2018-11-10T15:45:55.224Z info: A request was received [/depth?depth=73] with a pathname of [/depth]
2018-11-10T15:45:55.225Z info: About to store a depth of [73]
2018-11-10T15:45:55.243Z info: 1 document inserted into database.
2018-11-10T15:46:05.375Z info: A request was received [/depth?depth=2232] with a pathname of [/depth]
2018-11-10T15:46:05.375Z info: About to store a depth of [2232]
2018-11-10T15:46:05.385Z info: 1 document inserted into database.
2018-11-10T15:46:15.523Z info: A request was received [/depth?depth=2232] with a pathname of [/depth]
2018-11-10T15:46:15.524Z info: About to store a depth of [2232]
2018-11-10T15:46:15.541Z info: 1 document inserted into database.
2018-11-10T15:46:25.675Z info: A request was received [/depth?depth=2223] with a pathname of [/depth]
2018-11-10T15:46:25.676Z info: About to store a depth of [2223]
2018-11-10T15:46:25.694Z info: 1 document inserted into database.
2018-11-10T15:46:35.831Z info: A request was received [/depth?depth=2226] with a pathname of [/depth]
2018-11-10T15:46:35.832Z info: About to store a depth of [2226]
2018-11-10T15:46:35.841Z info: 1 document inserted into database.
2018-11-10T15:46:45.978Z info: A request was received [/depth?depth=2228] with a pathname of [/depth]
2018-11-10T15:46:45.979Z info: About to store a depth of [2228]
2018-11-10T15:46:46.018Z info: 1 document inserted into database.
2018-11-10T15:46:56.150Z info: A request was received [/depth?depth=2221] with a pathname of [/depth]
2018-11-10T15:46:56.151Z info: About to store a depth of [2221]
2018-11-10T15:46:56.180Z info: 1 document inserted into database.
2018-11-10T15:47:06.301Z info: A request was received [/depth?depth=2224] with a pathname of [/depth]
2018-11-10T15:47:06.302Z info: About to store a depth of [2224]
2018-11-10T15:47:06.321Z info: 1 document inserted into database.
2018-11-10T15:47:16.453Z info: A request was received [/depth?depth=2226] with a pathname of [/depth]
2018-11-10T15:47:16.454Z info: About to store a depth of [2226]
2018-11-10T15:47:16.471Z info: 1 document inserted into database.
2018-11-10T15:47:26.604Z info: A request was received [/depth?depth=2228] with a pathname of [/depth]
2018-11-10T15:47:26.605Z info: About to store a depth of [2228]
2018-11-10T15:47:26.621Z info: 1 document inserted into database.
2018-11-10T15:47:36.757Z info: A request was received [/depth?depth=2230] with a pathname of [/depth]
2018-11-10T15:47:36.758Z info: About to store a depth of [2230]
2018-11-10T15:47:36.768Z info: 1 document inserted into database.
2018-11-10T15:47:46.905Z info: A request was received [/depth?depth=2232] with a pathname of [/depth]
2018-11-10T15:47:46.906Z info: About to store a depth of [2232]
2018-11-10T15:47:46.923Z info: 1 document inserted into database.
2018-11-10T15:47:57.050Z info: A request was received [/depth?depth=2139] with a pathname of [/depth]
2018-11-10T15:47:57.051Z info: About to store a depth of [2139]
2018-11-10T15:47:57.068Z info: 1 document inserted into database.
2018-11-10T15:52:07.438Z info: ******************** Starting up.
2018-11-10T15:52:08.885Z info: A request was received [/depth?depth=2232] with a pathname of [/depth]
2018-11-10T15:52:08.887Z info: About to store a depth of [2232]
2018-11-10T15:52:09.028Z info: 1 document inserted into database.
2018-11-10T15:52:19.073Z info: A request was received [/depth?depth=68] with a pathname of [/depth]
2018-11-10T15:52:19.074Z info: About to store a depth of [68]
2018-11-10T15:52:19.118Z info: 1 document inserted into database.
2018-11-10T15:52:29.114Z info: A request was received [/depth?depth=67] with a pathname of [/depth]
2018-11-10T15:52:29.115Z info: About to store a depth of [67]
2018-11-10T15:52:29.138Z info: 1 document inserted into database.
2018-11-10T15:52:30.516Z info: A request was received [/] with a pathname of [/]
2018-11-10T15:52:39.268Z info: A request was received [/depth?depth=2232] with a pathname of [/depth]
2018-11-10T15:52:39.269Z info: About to store a depth of [2232]
2018-11-10T15:52:39.286Z info: 1 document inserted into database.
2018-11-10T15:52:49.308Z info: A request was received [/depth?depth=288] with a pathname of [/depth]
2018-11-10T15:52:49.309Z info: About to store a depth of [288]
2018-11-10T15:52:49.325Z info: 1 document inserted into database.
2018-11-10T15:52:59.457Z info: A request was received [/depth?depth=2226] with a pathname of [/depth]
2018-11-10T15:52:59.457Z info: About to store a depth of [2226]
2018-11-10T15:52:59.466Z info: 1 document inserted into database.
2018-11-10T15:53:09.605Z info: A request was received [/depth?depth=2227] with a pathname of [/depth]
2018-11-10T15:53:09.606Z info: About to store a depth of [2227]
2018-11-10T15:53:09.622Z info: 1 document inserted into database.
2018-11-10T15:53:19.755Z info: A request was received [/depth?depth=2188] with a pathname of [/depth]
2018-11-10T15:53:19.755Z info: About to store a depth of [2188]
2018-11-10T15:53:19.766Z info: 1 document inserted into database.
2018-11-10T15:53:29.779Z info: A request was received [/depth?depth=70] with a pathname of [/depth]
2018-11-10T15:53:29.780Z info: About to store a depth of [70]
2018-11-10T15:53:29.796Z info: 1 document inserted into database.
2018-11-10T15:53:39.930Z info: A request was received [/depth?depth=2230] with a pathname of [/depth]
2018-11-10T15:53:39.931Z info: About to store a depth of [2230]
2018-11-10T15:53:39.948Z info: 1 document inserted into database.
2018-11-10T15:53:49.968Z info: A request was received [/depth?depth=289] with a pathname of [/depth]
2018-11-10T15:53:49.969Z info: About to store a depth of [289]
2018-11-10T15:53:49.986Z info: 1 document inserted into database.
2018-11-10T15:53:59.996Z info: A request was received [/depth?depth=71] with a pathname of [/depth]
2018-11-10T15:53:59.997Z info: About to store a depth of [71]
2018-11-10T15:54:00.016Z info: 1 document inserted into database.
2018-11-10T15:54:10.147Z info: A request was received [/depth?depth=2223] with a pathname of [/depth]
2018-11-10T15:54:10.148Z info: About to store a depth of [2223]
2018-11-10T15:54:10.165Z info: 1 document inserted into database.
2018-11-10T15:54:20.300Z info: A request was received [/depth?depth=2226] with a pathname of [/depth]
2018-11-10T15:54:20.300Z info: About to store a depth of [2226]
2018-11-10T15:54:20.317Z info: 1 document inserted into database.
2018-11-10T15:54:30.401Z info: A request was received [/depth?depth=1393] with a pathname of [/depth]
2018-11-10T15:54:30.402Z info: About to store a depth of [1393]
2018-11-10T15:54:30.419Z info: 1 document inserted into database.
2018-11-10T15:54:30.529Z info: A request was received [/] with a pathname of [/]
2018-11-10T15:54:40.569Z info: A request was received [/depth?depth=2224] with a pathname of [/depth]
2018-11-10T15:54:40.570Z info: About to store a depth of [2224]
2018-11-10T15:54:40.587Z info: 1 document inserted into database.
2018-11-10T15:54:50.722Z info: A request was received [/depth?depth=2229] with a pathname of [/depth]
2018-11-10T15:54:50.722Z info: About to store a depth of [2229]
2018-11-10T15:54:50.739Z info: 1 document inserted into database.
2018-11-10T15:55:00.876Z info: A request was received [/depth?depth=2231] with a pathname of [/depth]
2018-11-10T15:55:00.877Z info: About to store a depth of [2231]
2018-11-10T15:55:00.894Z info: 1 document inserted into database.
2018-11-10T15:55:11.027Z info: A request was received [/depth?depth=2233] with a pathname of [/depth]
2018-11-10T15:55:11.027Z info: About to store a depth of [2233]
2018-11-10T15:55:11.045Z info: 1 document inserted into database.
2018-11-10T15:55:21.178Z info: A request was received [/depth?depth=2225] with a pathname of [/depth]
2018-11-10T15:55:21.178Z info: About to store a depth of [2225]
2018-11-10T15:55:21.195Z info: 1 document inserted into database.
2018-11-10T15:55:31.201Z info: A request was received [/depth?depth=66] with a pathname of [/depth]
2018-11-10T15:55:31.201Z info: About to store a depth of [66]
2018-11-10T15:55:31.218Z info: 1 document inserted into database.
2018-11-10T15:55:41.351Z info: A request was received [/depth?depth=2225] with a pathname of [/depth]
2018-11-10T15:55:41.351Z info: About to store a depth of [2225]
2018-11-10T15:55:41.369Z info: 1 document inserted into database.
2018-11-10T15:55:51.501Z info: A request was received [/depth?depth=2228] with a pathname of [/depth]
2018-11-10T15:55:51.502Z info: About to store a depth of [2228]
2018-11-10T15:55:51.518Z info: 1 document inserted into database.
2018-11-10T15:56:01.656Z info: A request was received [/depth?depth=2230] with a pathname of [/depth]
2018-11-10T15:56:01.657Z info: About to store a depth of [2230]
2018-11-10T15:56:01.673Z info: 1 document inserted into database.
2018-11-10T15:56:11.808Z info: A request was received [/depth?depth=2232] with a pathname of [/depth]
2018-11-10T15:56:11.809Z info: About to store a depth of [2232]
2018-11-10T15:56:11.826Z info: 1 document inserted into database.
2018-11-10T15:56:21.959Z info: A request was received [/depth?depth=2223] with a pathname of [/depth]
2018-11-10T15:56:21.960Z info: About to store a depth of [2223]
2018-11-10T15:56:21.976Z info: 1 document inserted into database.
2018-11-10T15:56:32.110Z info: A request was received [/depth?depth=2224] with a pathname of [/depth]
2018-11-10T15:56:32.110Z info: About to store a depth of [2224]
2018-11-10T15:56:32.121Z info: 1 document inserted into database.
2018-11-10T15:56:42.257Z info: A request was received [/depth?depth=2233] with a pathname of [/depth]
2018-11-10T15:56:42.258Z info: About to store a depth of [2233]
2018-11-10T15:56:42.276Z info: 1 document inserted into database.
2018-11-10T15:56:52.412Z info: A request was received [/depth?depth=2230] with a pathname of [/depth]
2018-11-10T15:56:52.413Z info: About to store a depth of [2230]
2018-11-10T15:56:52.430Z info: 1 document inserted into database.
2018-11-10T15:57:02.440Z info: A request was received [/depth?depth=71] with a pathname of [/depth]
2018-11-10T15:57:02.441Z info: About to store a depth of [71]
2018-11-10T15:57:02.470Z info: 1 document inserted into database.
2018-11-10T15:57:12.590Z info: A request was received [/depth?depth=2232] with a pathname of [/depth]
2018-11-10T15:57:12.591Z info: About to store a depth of [2232]
2018-11-10T15:57:12.600Z info: 1 document inserted into database.
2018-11-10T15:57:22.737Z info: A request was received [/depth?depth=2223] with a pathname of [/depth]
2018-11-10T15:57:22.738Z info: About to store a depth of [2223]
2018-11-10T15:57:22.754Z info: 1 document inserted into database.
2018-11-10T15:57:32.838Z info: A request was received [/depth?depth=1326] with a pathname of [/depth]
2018-11-10T15:57:32.838Z info: About to store a depth of [1326]
2018-11-10T15:57:32.847Z info: 1 document inserted into database.
2018-11-10T15:57:42.864Z info: A request was received [/depth?depth=63] with a pathname of [/depth]
2018-11-10T15:57:42.864Z info: About to store a depth of [63]
2018-11-10T15:57:42.881Z info: 1 document inserted into database.
2018-11-10T15:57:53.034Z info: A request was received [/depth?depth=2232] with a pathname of [/depth]
2018-11-10T15:57:53.035Z info: About to store a depth of [2232]
2018-11-10T15:57:53.052Z info: 1 document inserted into database.
2018-11-10T15:58:03.184Z info: A request was received [/depth?depth=2226] with a pathname of [/depth]
2018-11-10T15:58:03.184Z info: About to store a depth of [2226]
2018-11-10T15:58:03.201Z info: 1 document inserted into database.
2018-11-10T15:58:13.259Z info: A request was received [/depth?depth=983] with a pathname of [/depth]
2018-11-10T15:58:13.260Z info: About to store a depth of [983]
2018-11-10T15:58:13.277Z info: 1 document inserted into database.
2018-11-10T15:58:23.285Z info: A request was received [/depth?depth=69] with a pathname of [/depth]
2018-11-10T15:58:23.286Z info: About to store a depth of [69]
2018-11-10T15:58:23.303Z info: 1 document inserted into database.
2018-11-10T15:58:33.435Z info: A request was received [/depth?depth=2233] with a pathname of [/depth]
2018-11-10T15:58:33.436Z info: About to store a depth of [2233]
2018-11-10T15:58:33.453Z info: 1 document inserted into database.
2018-11-10T15:58:43.583Z info: A request was received [/depth?depth=2224] with a pathname of [/depth]
2018-11-10T15:58:43.584Z info: About to store a depth of [2224]
2018-11-10T15:58:43.601Z info: 1 document inserted into database.
2018-11-10T15:58:53.683Z info: A request was received [/depth?depth=1287] with a pathname of [/depth]
2018-11-10T15:58:53.683Z info: About to store a depth of [1287]
2018-11-10T15:58:53.700Z info: 1 document inserted into database.
2018-11-10T15:59:03.708Z info: A request was received [/depth?depth=66] with a pathname of [/depth]
2018-11-10T15:59:03.709Z info: About to store a depth of [66]
2018-11-10T15:59:03.726Z info: 1 document inserted into database.
2018-11-10T15:59:13.734Z info: A request was received [/depth?depth=65] with a pathname of [/depth]
2018-11-10T15:59:13.735Z info: About to store a depth of [65]
2018-11-10T15:59:13.751Z info: 1 document inserted into database.
2018-11-10T15:59:23.762Z info: A request was received [/depth?depth=66] with a pathname of [/depth]
2018-11-10T15:59:23.763Z info: About to store a depth of [66]
2018-11-10T15:59:23.778Z info: 1 document inserted into database.
2018-11-10T15:59:33.910Z info: A request was received [/depth?depth=2232] with a pathname of [/depth]
2018-11-10T15:59:33.911Z info: About to store a depth of [2232]
2018-11-10T15:59:33.920Z info: 1 document inserted into database.
2018-11-10T15:59:44.056Z info: A request was received [/depth?depth=2222] with a pathname of [/depth]
2018-11-10T15:59:44.057Z info: About to store a depth of [2222]
2018-11-10T15:59:44.080Z info: 1 document inserted into database.
2018-11-10T15:59:54.212Z info: A request was received [/depth?depth=2225] with a pathname of [/depth]
2018-11-10T15:59:54.213Z info: About to store a depth of [2225]
2018-11-10T15:59:54.228Z info: 1 document inserted into database.
2018-11-10T16:00:04.361Z info: A request was received [/depth?depth=2227] with a pathname of [/depth]
2018-11-10T16:00:04.361Z info: About to store a depth of [2227]
2018-11-10T16:00:04.377Z info: 1 document inserted into database.
2018-11-10T16:00:14.511Z info: A request was received [/depth?depth=2229] with a pathname of [/depth]
2018-11-10T16:00:14.512Z info: About to store a depth of [2229]
2018-11-10T16:00:14.527Z info: 1 document inserted into database.
2018-11-10T16:00:24.660Z info: A request was received [/depth?depth=2231] with a pathname of [/depth]
2018-11-10T16:00:24.661Z info: About to store a depth of [2231]
2018-11-10T16:00:24.678Z info: 1 document inserted into database.
2018-11-10T16:00:34.810Z info: A request was received [/depth?depth=2233] with a pathname of [/depth]
2018-11-10T16:00:34.811Z info: About to store a depth of [2233]
2018-11-10T16:00:34.827Z info: 1 document inserted into database.
2018-11-10T16:00:44.962Z info: A request was received [/depth?depth=2225] with a pathname of [/depth]
2018-11-10T16:00:44.963Z info: About to store a depth of [2225]
2018-11-10T16:00:44.979Z info: 1 document inserted into database.
2018-11-10T16:00:55.111Z info: A request was received [/depth?depth=2226] with a pathname of [/depth]
2018-11-10T16:00:55.112Z info: About to store a depth of [2226]
2018-11-10T16:00:55.128Z info: 1 document inserted into database.
2018-11-10T16:01:05.137Z info: A request was received [/depth?depth=71] with a pathname of [/depth]
2018-11-10T16:01:05.138Z info: About to store a depth of [71]
2018-11-10T16:01:05.155Z info: 1 document inserted into database.
2018-11-10T16:01:15.287Z info: A request was received [/depth?depth=2228] with a pathname of [/depth]
2018-11-10T16:01:15.288Z info: About to store a depth of [2228]
2018-11-10T16:01:15.305Z info: 1 document inserted into database.
2018-11-10T16:01:25.439Z info: A request was received [/depth?depth=2231] with a pathname of [/depth]
2018-11-10T16:01:25.440Z info: About to store a depth of [2231]
2018-11-10T16:01:25.458Z info: 1 document inserted into database.
2018-11-10T16:01:35.589Z info: A request was received [/depth?depth=2233] with a pathname of [/depth]
2018-11-10T16:01:35.590Z info: About to store a depth of [2233]
2018-11-10T16:01:35.620Z info: 1 document inserted into database.
2018-11-10T16:01:45.738Z info: A request was received [/depth?depth=2223] with a pathname of [/depth]
2018-11-10T16:01:45.738Z info: About to store a depth of [2223]
2018-11-10T16:01:45.754Z info: 1 document inserted into database.
2018-11-10T16:01:55.886Z info: A request was received [/depth?depth=2226] with a pathname of [/depth]
2018-11-10T16:01:55.887Z info: About to store a depth of [2226]
2018-11-10T16:01:55.902Z info: 1 document inserted into database.
2018-11-10T16:02:06.034Z info: A request was received [/depth?depth=2227] with a pathname of [/depth]
2018-11-10T16:02:06.035Z info: About to store a depth of [2227]
2018-11-10T16:02:06.051Z info: 1 document inserted into database.
2018-11-10T16:02:16.184Z info: A request was received [/depth?depth=2229] with a pathname of [/depth]
2018-11-10T16:02:16.184Z info: About to store a depth of [2229]
2018-11-10T16:02:16.201Z info: 1 document inserted into database.
2018-11-10T16:02:26.334Z info: A request was received [/depth?depth=2231] with a pathname of [/depth]
2018-11-10T16:02:26.334Z info: About to store a depth of [2231]
2018-11-10T16:02:26.359Z info: 1 document inserted into database.
2018-11-10T16:02:36.483Z info: A request was received [/depth?depth=2234] with a pathname of [/depth]
2018-11-10T16:02:36.483Z info: About to store a depth of [2234]
2018-11-10T16:02:36.498Z info: 1 document inserted into database.
2018-11-10T16:02:46.521Z info: A request was received [/depth?depth=285] with a pathname of [/depth]
2018-11-10T16:02:46.522Z info: About to store a depth of [285]
2018-11-10T16:02:46.537Z info: 1 document inserted into database.
2018-11-10T16:02:56.548Z info: A request was received [/depth?depth=63] with a pathname of [/depth]
2018-11-10T16:02:56.548Z info: About to store a depth of [63]
2018-11-10T16:02:56.557Z info: 1 document inserted into database.
2018-11-10T16:03:06.571Z info: A request was received [/depth?depth=63] with a pathname of [/depth]
2018-11-10T16:03:06.571Z info: About to store a depth of [63]
2018-11-10T16:03:06.586Z info: 1 document inserted into database.
2018-11-10T16:03:16.596Z info: A request was received [/depth?depth=74] with a pathname of [/depth]
2018-11-10T16:03:16.597Z info: About to store a depth of [74]
2018-11-10T16:03:16.612Z info: 1 document inserted into database.
2018-11-10T16:03:26.623Z info: A request was received [/depth?depth=62] with a pathname of [/depth]
2018-11-10T16:03:26.624Z info: About to store a depth of [62]
2018-11-10T16:03:26.638Z info: 1 document inserted into database.
2018-11-10T16:03:36.649Z info: A request was received [/depth?depth=62] with a pathname of [/depth]
2018-11-10T16:03:36.649Z info: About to store a depth of [62]
2018-11-10T16:03:36.664Z info: 1 document inserted into database.
2018-11-10T16:03:46.797Z info: A request was received [/depth?depth=2224] with a pathname of [/depth]
2018-11-10T16:03:46.798Z info: About to store a depth of [2224]
2018-11-10T16:03:46.813Z info: 1 document inserted into database.
2018-11-10T16:03:56.945Z info: A request was received [/depth?depth=2226] with a pathname of [/depth]
2018-11-10T16:03:56.946Z info: About to store a depth of [2226]
2018-11-10T16:03:56.954Z info: 1 document inserted into database.
2018-11-10T16:04:07.091Z info: A request was received [/depth?depth=2226] with a pathname of [/depth]
2018-11-10T16:04:07.092Z info: About to store a depth of [2226]
2018-11-10T16:04:07.107Z info: 1 document inserted into database.
2018-11-10T16:04:17.240Z info: A request was received [/depth?depth=2227] with a pathname of [/depth]
2018-11-10T16:04:17.240Z info: About to store a depth of [2227]
2018-11-10T16:04:17.255Z info: 1 document inserted into database.
2018-11-10T16:04:27.392Z info: A request was received [/depth?depth=2231] with a pathname of [/depth]
2018-11-10T16:04:27.393Z info: About to store a depth of [2231]
2018-11-10T16:04:27.401Z info: 1 document inserted into database.
2018-11-10T16:04:37.539Z info: A request was received [/depth?depth=2233] with a pathname of [/depth]
2018-11-10T16:04:37.540Z info: About to store a depth of [2233]
2018-11-10T16:04:37.554Z info: 1 document inserted into database.
2018-11-10T16:04:47.687Z info: A request was received [/depth?depth=2224] with a pathname of [/depth]
2018-11-10T16:04:47.688Z info: About to store a depth of [2224]
2018-11-10T16:04:47.704Z info: 1 document inserted into database.
2018-11-10T16:04:57.835Z info: A request was received [/depth?depth=2226] with a pathname of [/depth]
2018-11-10T16:04:57.836Z info: About to store a depth of [2226]
2018-11-10T16:04:57.852Z info: 1 document inserted into database.
2018-11-10T16:05:07.984Z info: A request was received [/depth?depth=2234] with a pathname of [/depth]
2018-11-10T16:05:07.984Z info: About to store a depth of [2234]
2018-11-10T16:05:08.000Z info: 1 document inserted into database.
2018-11-10T16:05:18.135Z info: A request was received [/depth?depth=2229] with a pathname of [/depth]
2018-11-10T16:05:18.136Z info: About to store a depth of [2229]
2018-11-10T16:05:18.151Z info: 1 document inserted into database.
2018-11-10T16:05:28.276Z info: A request was received [/depth?depth=2075] with a pathname of [/depth]
2018-11-10T16:05:28.277Z info: About to store a depth of [2075]
2018-11-10T16:05:28.303Z info: 1 document inserted into database.
2018-11-10T16:05:38.387Z info: A request was received [/depth?depth=1371] with a pathname of [/depth]
2018-11-10T16:05:38.388Z info: About to store a depth of [1371]
2018-11-10T16:05:38.403Z info: 1 document inserted into database.
2018-11-10T16:05:48.409Z info: A request was received [/depth?depth=66] with a pathname of [/depth]
2018-11-10T16:05:48.409Z info: About to store a depth of [66]
2018-11-10T16:05:48.425Z info: 1 document inserted into database.
2018-11-10T16:05:58.559Z info: A request was received [/depth?depth=2231] with a pathname of [/depth]
2018-11-10T16:05:58.560Z info: About to store a depth of [2231]
2018-11-10T16:05:58.576Z info: 1 document inserted into database.
2018-11-10T16:06:08.701Z info: A request was received [/depth?depth=2105] with a pathname of [/depth]
2018-11-10T16:06:08.702Z info: About to store a depth of [2105]
2018-11-10T16:06:08.716Z info: 1 document inserted into database.
2018-11-10T16:06:18.731Z info: A request was received [/depth?depth=179] with a pathname of [/depth]
2018-11-10T16:06:18.731Z info: About to store a depth of [179]
2018-11-10T16:06:18.746Z info: 1 document inserted into database.
2018-11-10T16:06:28.755Z info: A request was received [/depth?depth=85] with a pathname of [/depth]
2018-11-10T16:06:28.756Z info: About to store a depth of [85]
2018-11-10T16:06:28.776Z info: 1 document inserted into database.
2018-11-10T16:06:38.783Z info: A request was received [/depth?depth=90] with a pathname of [/depth]
2018-11-10T16:06:38.784Z info: About to store a depth of [90]
2018-11-10T16:06:38.799Z info: 1 document inserted into database.
2018-11-10T16:06:48.810Z info: A request was received [/depth?depth=102] with a pathname of [/depth]
2018-11-10T16:06:48.810Z info: About to store a depth of [102]
2018-11-10T16:06:48.825Z info: 1 document inserted into database.
2018-11-10T16:06:58.960Z info: A request was received [/depth?depth=2233] with a pathname of [/depth]
2018-11-10T16:06:58.961Z info: About to store a depth of [2233]
2018-11-10T16:06:58.976Z info: 1 document inserted into database.
2018-11-10T16:07:09.108Z info: A request was received [/depth?depth=2224] with a pathname of [/depth]
2018-11-10T16:07:09.108Z info: About to store a depth of [2224]
2018-11-10T16:07:09.117Z info: 1 document inserted into database.
2018-11-10T16:07:19.143Z info: A request was received [/depth?depth=284] with a pathname of [/depth]
2018-11-10T16:07:19.144Z info: About to store a depth of [284]
2018-11-10T16:07:19.159Z info: 1 document inserted into database.
2018-11-10T16:07:29.178Z info: A request was received [/depth?depth=284] with a pathname of [/depth]
2018-11-10T16:07:29.179Z info: About to store a depth of [284]
2018-11-10T16:07:29.194Z info: 1 document inserted into database.
2018-11-10T16:07:39.210Z info: A request was received [/depth?depth=147] with a pathname of [/depth]
2018-11-10T16:07:39.211Z info: About to store a depth of [147]
2018-11-10T16:07:39.226Z info: 1 document inserted into database.
2018-11-10T16:07:49.243Z info: A request was received [/depth?depth=149] with a pathname of [/depth]
2018-11-10T16:07:49.244Z info: About to store a depth of [149]
2018-11-10T16:07:49.258Z info: 1 document inserted into database.
2018-11-10T16:07:59.282Z info: A request was received [/depth?depth=284] with a pathname of [/depth]
2018-11-10T16:07:59.283Z info: About to store a depth of [284]
2018-11-10T16:07:59.297Z info: 1 document inserted into database.
2018-11-10T16:08:09.320Z info: A request was received [/depth?depth=283] with a pathname of [/depth]
2018-11-10T16:08:09.320Z info: About to store a depth of [283]
2018-11-10T16:08:09.335Z info: 1 document inserted into database.
2018-11-10T16:08:19.357Z info: A request was received [/depth?depth=283] with a pathname of [/depth]
2018-11-10T16:08:19.358Z info: About to store a depth of [283]
2018-11-10T16:08:19.386Z info: 1 document inserted into database.
2018-11-10T16:08:29.402Z info: A request was received [/depth?depth=147] with a pathname of [/depth]
2018-11-10T16:08:29.403Z info: About to store a depth of [147]
2018-11-10T16:08:29.419Z info: 1 document inserted into database.
2018-11-10T16:08:39.432Z info: A request was received [/depth?depth=148] with a pathname of [/depth]
2018-11-10T16:08:39.433Z info: About to store a depth of [148]
2018-11-10T16:08:39.448Z info: 1 document inserted into database.
2018-11-10T16:08:49.460Z info: A request was received [/depth?depth=57] with a pathname of [/depth]
2018-11-10T16:08:49.461Z info: About to store a depth of [57]
2018-11-10T16:08:49.477Z info: 1 document inserted into database.
2018-11-10T16:08:59.492Z info: A request was received [/depth?depth=68] with a pathname of [/depth]
2018-11-10T16:08:59.493Z info: About to store a depth of [68]
2018-11-10T16:08:59.508Z info: 1 document inserted into database.
2018-11-10T16:09:09.517Z info: A request was received [/depth?depth=58] with a pathname of [/depth]
2018-11-10T16:09:09.518Z info: About to store a depth of [58]
2018-11-10T16:09:09.534Z info: 1 document inserted into database.
2018-11-10T16:09:19.545Z info: A request was received [/depth?depth=69] with a pathname of [/depth]
2018-11-10T16:09:19.545Z info: About to store a depth of [69]
2018-11-10T16:09:19.564Z info: 1 document inserted into database.
2018-11-10T16:09:29.575Z info: A request was received [/depth?depth=61] with a pathname of [/depth]
2018-11-10T16:09:29.576Z info: About to store a depth of [61]
2018-11-10T16:09:29.590Z info: 1 document inserted into database.
2018-11-10T16:09:39.603Z info: A request was received [/depth?depth=62] with a pathname of [/depth]
2018-11-10T16:09:39.603Z info: About to store a depth of [62]
2018-11-10T16:09:39.618Z info: 1 document inserted into database.
2018-11-10T16:09:49.672Z info: A request was received [/depth?depth=884] with a pathname of [/depth]
2018-11-10T16:09:49.673Z info: About to store a depth of [884]
2018-11-10T16:09:49.688Z info: 1 document inserted into database.
2018-11-10T16:09:59.702Z info: A request was received [/depth?depth=39] with a pathname of [/depth]
2018-11-10T16:09:59.702Z info: About to store a depth of [39]
2018-11-10T16:09:59.717Z info: 1 document inserted into database.
2018-11-10T16:10:09.851Z info: A request was received [/depth?depth=2227] with a pathname of [/depth]
2018-11-10T16:10:09.851Z info: About to store a depth of [2227]
2018-11-10T16:10:09.865Z info: 1 document inserted into database.
2018-11-10T16:10:19.999Z info: A request was received [/depth?depth=2229] with a pathname of [/depth]
2018-11-10T16:10:20.000Z info: About to store a depth of [2229]
2018-11-10T16:10:20.015Z info: 1 document inserted into database.
2018-11-10T16:10:30.153Z info: A request was received [/depth?depth=2230] with a pathname of [/depth]
2018-11-10T16:10:30.154Z info: About to store a depth of [2230]
2018-11-10T16:10:30.167Z info: 1 document inserted into database.
2018-11-10T16:10:40.190Z info: A request was received [/depth?depth=284] with a pathname of [/depth]
2018-11-10T16:10:40.190Z info: About to store a depth of [284]
2018-11-10T16:10:40.201Z info: 1 document inserted into database.
2018-11-10T16:10:50.219Z info: A request was received [/depth?depth=55] with a pathname of [/depth]
2018-11-10T16:10:50.220Z info: About to store a depth of [55]
2018-11-10T16:10:50.234Z info: 1 document inserted into database.
2018-11-10T16:11:00.244Z info: A request was received [/depth?depth=60] with a pathname of [/depth]
2018-11-10T16:11:00.245Z info: About to store a depth of [60]
2018-11-10T16:11:00.260Z info: 1 document inserted into database.
2018-11-10T16:11:10.398Z info: A request was received [/depth?depth=2234] with a pathname of [/depth]
2018-11-10T16:11:10.399Z info: About to store a depth of [2234]
2018-11-10T16:11:10.414Z info: 1 document inserted into database.
2018-11-10T16:11:20.550Z info: A request was received [/depth?depth=2226] with a pathname of [/depth]
2018-11-10T16:11:20.551Z info: About to store a depth of [2226]
2018-11-10T16:11:20.565Z info: 1 document inserted into database.
2018-11-10T16:11:30.575Z info: A request was received [/depth?depth=67] with a pathname of [/depth]
2018-11-10T16:11:30.576Z info: About to store a depth of [67]
2018-11-10T16:11:30.591Z info: 1 document inserted into database.
2018-11-10T16:11:40.723Z info: A request was received [/depth?depth=2226] with a pathname of [/depth]
2018-11-10T16:11:40.724Z info: About to store a depth of [2226]
2018-11-10T16:11:40.741Z info: 1 document inserted into database.
2018-11-10T16:11:50.877Z info: A request was received [/depth?depth=2230] with a pathname of [/depth]
2018-11-10T16:11:50.878Z info: About to store a depth of [2230]
2018-11-10T16:11:50.892Z info: 1 document inserted into database.
2018-11-10T16:12:01.029Z info: A request was received [/depth?depth=2232] with a pathname of [/depth]
2018-11-10T16:12:01.029Z info: About to store a depth of [2232]
2018-11-10T16:12:01.045Z info: 1 document inserted into database.
2018-11-10T16:12:11.178Z info: A request was received [/depth?depth=2234] with a pathname of [/depth]
2018-11-10T16:12:11.178Z info: About to store a depth of [2234]
2018-11-10T16:12:11.194Z info: 1 document inserted into database.
2018-11-10T16:12:21.200Z info: A request was received [/depth?depth=68] with a pathname of [/depth]
2018-11-10T16:12:21.200Z info: About to store a depth of [68]
2018-11-10T16:12:21.208Z info: 1 document inserted into database.
2018-11-10T16:12:31.221Z info: A request was received [/depth?depth=87] with a pathname of [/depth]
2018-11-10T16:12:31.222Z info: About to store a depth of [87]
2018-11-10T16:12:31.237Z info: 1 document inserted into database.
2018-11-10T16:12:41.245Z info: A request was received [/depth?depth=98] with a pathname of [/depth]
2018-11-10T16:12:41.246Z info: About to store a depth of [98]
2018-11-10T16:12:41.255Z info: 1 document inserted into database.
2018-11-10T16:12:51.393Z info: A request was received [/depth?depth=2234] with a pathname of [/depth]
2018-11-10T16:12:51.394Z info: About to store a depth of [2234]
2018-11-10T16:12:51.408Z info: 1 document inserted into database.
2018-11-10T16:13:01.541Z info: A request was received [/depth?depth=2225] with a pathname of [/depth]
2018-11-10T16:13:01.542Z info: About to store a depth of [2225]
2018-11-10T16:13:01.556Z info: 1 document inserted into database.
2018-11-10T16:13:11.690Z info: A request was received [/depth?depth=2227] with a pathname of [/depth]
2018-11-10T16:13:11.691Z info: About to store a depth of [2227]
2018-11-10T16:13:11.705Z info: 1 document inserted into database.
2018-11-10T16:13:21.845Z info: A request was received [/depth?depth=2229] with a pathname of [/depth]
2018-11-10T16:13:21.845Z info: About to store a depth of [2229]
2018-11-10T16:13:21.859Z info: 1 document inserted into database.
2018-11-10T16:13:31.880Z info: A request was received [/depth?depth=60] with a pathname of [/depth]
2018-11-10T16:13:31.881Z info: About to store a depth of [60]
2018-11-10T16:13:31.895Z info: 1 document inserted into database.
2018-11-10T16:13:42.031Z info: A request was received [/depth?depth=2232] with a pathname of [/depth]
2018-11-10T16:13:42.032Z info: About to store a depth of [2232]
2018-11-10T16:13:42.045Z info: 1 document inserted into database.
2018-11-10T16:13:52.180Z info: A request was received [/depth?depth=2234] with a pathname of [/depth]
2018-11-10T16:13:52.180Z info: About to store a depth of [2234]
2018-11-10T16:13:52.195Z info: 1 document inserted into database.
2018-11-10T16:14:02.329Z info: A request was received [/depth?depth=2225] with a pathname of [/depth]
2018-11-10T16:14:02.330Z info: About to store a depth of [2225]
2018-11-10T16:14:02.345Z info: 1 document inserted into database.
2018-11-10T16:14:12.481Z info: A request was received [/depth?depth=2228] with a pathname of [/depth]
2018-11-10T16:14:12.482Z info: About to store a depth of [2228]
2018-11-10T16:14:12.504Z info: 1 document inserted into database.
2018-11-10T16:14:22.630Z info: A request was received [/depth?depth=2230] with a pathname of [/depth]
2018-11-10T16:14:22.631Z info: About to store a depth of [2230]
2018-11-10T16:14:22.644Z info: 1 document inserted into database.
2018-11-10T16:14:32.654Z info: A request was received [/depth?depth=62] with a pathname of [/depth]
2018-11-10T16:14:32.655Z info: About to store a depth of [62]
2018-11-10T16:14:32.668Z info: 1 document inserted into database.
2018-11-10T16:14:42.804Z info: A request was received [/depth?depth=2230] with a pathname of [/depth]
2018-11-10T16:14:42.806Z info: About to store a depth of [2230]
2018-11-10T16:14:42.823Z info: 1 document inserted into database.
2018-11-10T16:14:52.957Z info: A request was received [/depth?depth=2233] with a pathname of [/depth]
2018-11-10T16:14:52.957Z info: About to store a depth of [2233]
2018-11-10T16:14:52.971Z info: 1 document inserted into database.
2018-11-10T16:15:03.105Z info: A request was received [/depth?depth=2235] with a pathname of [/depth]
2018-11-10T16:15:03.106Z info: About to store a depth of [2235]
2018-11-10T16:15:03.120Z info: 1 document inserted into database.
2018-11-10T16:15:13.131Z info: A request was received [/depth?depth=64] with a pathname of [/depth]
2018-11-10T16:15:13.131Z info: About to store a depth of [64]
2018-11-10T16:15:13.145Z info: 1 document inserted into database.
2018-11-10T16:15:15.087Z info: ******************** Starting up.
2018-11-10T16:15:23.302Z info: A request was received [/depth?depth=2226] with a pathname of [/depth]
2018-11-10T16:15:23.303Z info: About to store a depth of [2226]
2018-11-10T16:15:23.428Z info: 1 document inserted into database.
2018-11-10T16:15:24.591Z info: A request was received [/] with a pathname of [/]
2018-11-10T16:18:43.720Z info: ******************** Starting up.
2018-11-10T16:18:45.763Z info: A request was received [/depth?depth=2231] with a pathname of [/depth]
2018-11-10T16:18:45.765Z info: About to store a depth of [2231]
2018-11-10T16:18:45.924Z info: 1 document inserted into database.
2018-11-10T16:18:52.517Z info: A request was received [/] with a pathname of [/]
2018-11-10T16:19:37.779Z info: ******************** Starting up.
2018-11-10T16:19:39.180Z info: A request was received [/] with a pathname of [/]
2018-11-10T16:19:39.222Z info: A request was received [/css/normalize.css] with a pathname of [/css/normalize.css]
2018-11-10T16:19:39.226Z info: A request was received [/css/main.css] with a pathname of [/css/main.css]
2018-11-10T16:19:39.231Z info: A request was received [/js/vendor/modernizr-3.6.0.min.js] with a pathname of [/js/vendor/modernizr-3.6.0.min.js]
2018-11-10T16:19:39.233Z info: A request was received [/js/plugins.js] with a pathname of [/js/plugins.js]
2018-11-10T16:19:39.234Z info: A request was received [/js/main.js] with a pathname of [/js/main.js]
2018-11-10T16:19:46.655Z info: A request was received [/depth?depth=2239] with a pathname of [/depth]
2018-11-10T16:19:46.657Z info: About to store a depth of [2239]
2018-11-10T16:19:46.839Z info: 1 document inserted into database.
2018-11-10T16:19:56.987Z info: A request was received [/depth?depth=2236] with a pathname of [/depth]
2018-11-10T16:19:56.988Z info: About to store a depth of [2236]
2018-11-10T16:19:57.012Z info: 1 document inserted into database.
2018-11-10T16:20:02.319Z info: ******************** Starting up.
2018-11-10T16:20:02.441Z info: A request was received [/favicon.ico] with a pathname of [/favicon.ico]
2018-11-10T16:20:02.683Z info: A request was received [/] with a pathname of [/]
2018-11-10T16:20:02.708Z info: A request was received [/css/normalize.css] with a pathname of [/css/normalize.css]
2018-11-10T16:20:02.711Z info: A request was received [/js/vendor/modernizr-3.6.0.min.js] with a pathname of [/js/vendor/modernizr-3.6.0.min.js]
2018-11-10T16:20:02.713Z info: A request was received [/css/main.css] with a pathname of [/css/main.css]
2018-11-10T16:20:02.714Z info: A request was received [/js/plugins.js] with a pathname of [/js/plugins.js]
2018-11-10T16:20:02.715Z info: A request was received [/js/main.js] with a pathname of [/js/main.js]
2018-11-10T16:20:07.147Z info: A request was received [/depth?depth=2228] with a pathname of [/depth]
2018-11-10T16:20:07.149Z info: About to store a depth of [2228]
2018-11-10T16:20:07.299Z info: 1 document inserted into database.
2018-11-10T16:20:13.727Z info: A request was received [/favicon.ico] with a pathname of [/favicon.ico]
2018-11-10T16:20:17.455Z info: A request was received [/depth?depth=2236] with a pathname of [/depth]
2018-11-10T16:20:17.456Z info: About to store a depth of [2236]
2018-11-10T16:20:17.495Z info: 1 document inserted into database.
2018-11-10T16:20:27.615Z info: A request was received [/depth?depth=2228] with a pathname of [/depth]
2018-11-10T16:20:27.616Z info: About to store a depth of [2228]
2018-11-10T16:20:27.638Z info: 1 document inserted into database.
2018-11-10T16:20:39.109Z info: ******************** Starting up.
2018-11-10T16:20:43.753Z info: A request was received [/] with a pathname of [/]
2018-11-10T16:20:43.782Z info: A request was received [/css/normalize.css] with a pathname of [/css/normalize.css]
2018-11-10T16:20:43.784Z info: A request was received [/css/main.css] with a pathname of [/css/main.css]
2018-11-10T16:20:43.787Z info: A request was received [/js/vendor/modernizr-3.6.0.min.js] with a pathname of [/js/vendor/modernizr-3.6.0.min.js]
2018-11-10T16:20:43.788Z info: A request was received [/js/plugins.js] with a pathname of [/js/plugins.js]
2018-11-10T16:20:43.789Z info: A request was received [/js/main.js] with a pathname of [/js/main.js]
2018-11-10T16:20:47.907Z info: A request was received [/depth?depth=2231] with a pathname of [/depth]
2018-11-10T16:20:47.908Z info: About to store a depth of [2231]
2018-11-10T16:20:48.068Z info: 1 document inserted into database.
2018-11-10T16:20:58.119Z info: A request was received [/depth?depth=2228] with a pathname of [/depth]
2018-11-10T16:20:58.120Z info: About to store a depth of [2228]
2018-11-10T16:20:58.160Z info: 1 document inserted into database.
2018-11-10T16:20:59.575Z info: A request was received [/] with a pathname of [/]
2018-11-10T16:20:59.591Z info: A request was received [/css/normalize.css] with a pathname of [/css/normalize.css]
2018-11-10T16:20:59.596Z info: A request was received [/js/vendor/modernizr-3.6.0.min.js] with a pathname of [/js/vendor/modernizr-3.6.0.min.js]
2018-11-10T16:20:59.598Z info: A request was received [/css/main.css] with a pathname of [/css/main.css]
2018-11-10T16:20:59.600Z info: A request was received [/js/plugins.js] with a pathname of [/js/plugins.js]
2018-11-10T16:20:59.602Z info: A request was received [/js/main.js] with a pathname of [/js/main.js]
2018-11-10T16:21:02.200Z info: A request was received [/] with a pathname of [/]
2018-11-10T16:21:02.216Z info: A request was received [/css/normalize.css] with a pathname of [/css/normalize.css]
2018-11-10T16:21:02.222Z info: A request was received [/css/main.css] with a pathname of [/css/main.css]
2018-11-10T16:21:02.225Z info: A request was received [/js/vendor/modernizr-3.6.0.min.js] with a pathname of [/js/vendor/modernizr-3.6.0.min.js]
2018-11-10T16:21:02.227Z info: A request was received [/js/plugins.js] with a pathname of [/js/plugins.js]
2018-11-10T16:21:02.229Z info: A request was received [/js/main.js] with a pathname of [/js/main.js]
2018-11-10T16:21:08.287Z info: A request was received [/depth?depth=2233] with a pathname of [/depth]
2018-11-10T16:21:08.287Z info: About to store a depth of [2233]
2018-11-10T16:21:08.310Z info: 1 document inserted into database.
2018-11-10T16:21:18.423Z info: A request was received [/depth?depth=1816] with a pathname of [/depth]
2018-11-10T16:21:18.423Z info: About to store a depth of [1816]
2018-11-10T16:21:18.440Z info: 1 document inserted into database.
2018-11-10T16:21:28.575Z info: A request was received [/depth?depth=2236] with a pathname of [/depth]
2018-11-10T16:21:28.576Z info: About to store a depth of [2236]
2018-11-10T16:21:28.593Z info: 1 document inserted into database.
2018-11-10T16:21:38.702Z info: A request was received [/depth?depth=1828] with a pathname of [/depth]
2018-11-10T16:21:38.703Z info: About to store a depth of [1828]
2018-11-10T16:21:38.719Z info: 1 document inserted into database.
2018-11-10T16:21:48.734Z info: A request was received [/depth?depth=208] with a pathname of [/depth]
2018-11-10T16:21:48.734Z info: About to store a depth of [208]
2018-11-10T16:21:48.751Z info: 1 document inserted into database.
2018-11-10T16:21:58.765Z info: A request was received [/depth?depth=95] with a pathname of [/depth]
2018-11-10T16:21:58.765Z info: About to store a depth of [95]
2018-11-10T16:21:58.782Z info: 1 document inserted into database.
2018-11-10T16:22:04.986Z info: A request was received [/] with a pathname of [/]
2018-11-10T16:22:08.915Z info: A request was received [/depth?depth=2239] with a pathname of [/depth]
2018-11-10T16:22:08.916Z info: About to store a depth of [2239]
2018-11-10T16:22:08.932Z info: 1 document inserted into database.
2018-11-10T16:22:19.065Z info: A request was received [/depth?depth=2230] with a pathname of [/depth]
2018-11-10T16:22:19.066Z info: About to store a depth of [2230]
2018-11-10T16:22:19.082Z info: 1 document inserted into database.
2018-11-10T16:22:25.008Z info: A request was received [/css/normalize.css] with a pathname of [/css/normalize.css]
2018-11-10T16:22:29.104Z info: A request was received [/depth?depth=288] with a pathname of [/depth]
2018-11-10T16:22:29.105Z info: About to store a depth of [288]
2018-11-10T16:22:29.121Z info: 1 document inserted into database.
2018-11-10T16:22:39.129Z info: A request was received [/depth?depth=58] with a pathname of [/depth]
2018-11-10T16:22:39.130Z info: About to store a depth of [58]
2018-11-10T16:22:39.146Z info: 1 document inserted into database.
2018-11-10T16:22:49.279Z info: A request was received [/depth?depth=2232] with a pathname of [/depth]
2018-11-10T16:22:49.280Z info: About to store a depth of [2232]
2018-11-10T16:22:49.297Z info: 1 document inserted into database.
2018-11-10T16:22:59.429Z info: A request was received [/depth?depth=2233] with a pathname of [/depth]
2018-11-10T16:22:59.430Z info: About to store a depth of [2233]
2018-11-10T16:22:59.448Z info: 1 document inserted into database.
2018-11-10T16:23:02.223Z info: A request was received [/css/main.css] with a pathname of [/css/main.css]
2018-11-10T16:23:02.229Z info: A request was received [/css/normalize.css] with a pathname of [/css/normalize.css]
2018-11-10T16:23:02.231Z info: A request was received [/js/vendor/modernizr-3.6.0.min.js] with a pathname of [/js/vendor/modernizr-3.6.0.min.js]
2018-11-10T16:23:02.236Z info: A request was received [/js/plugins.js] with a pathname of [/js/plugins.js]
2018-11-10T16:23:02.238Z info: A request was received [/js/main.js] with a pathname of [/js/main.js]
2018-11-10T16:23:09.579Z info: A request was received [/depth?depth=2236] with a pathname of [/depth]
2018-11-10T16:23:09.580Z info: About to store a depth of [2236]
2018-11-10T16:23:09.594Z info: 1 document inserted into database.
2018-11-10T16:23:19.730Z info: A request was received [/depth?depth=2238] with a pathname of [/depth]
2018-11-10T16:23:19.731Z info: About to store a depth of [2238]
2018-11-10T16:23:19.748Z info: 1 document inserted into database.
2018-11-10T16:23:29.054Z info: ******************** Starting up.
2018-11-10T16:23:29.904Z info: A request was received [/depth?depth=2229] with a pathname of [/depth]
2018-11-10T16:23:29.905Z info: About to store a depth of [2229]
2018-11-10T16:23:30.058Z info: 1 document inserted into database.
2018-11-10T16:23:30.864Z info: A request was received [/] with a pathname of [/]
2018-11-10T16:23:30.886Z info: A request was received [/css/normalize.css] with a pathname of [/css/normalize.css]
2018-11-10T16:23:30.889Z info: A request was received [/css/main.css] with a pathname of [/css/main.css]
2018-11-10T16:23:30.894Z info: A request was received [/js/vendor/modernizr-3.6.0.min.js] with a pathname of [/js/vendor/modernizr-3.6.0.min.js]
2018-11-10T16:23:30.897Z info: A request was received [/js/plugins.js] with a pathname of [/js/plugins.js]
2018-11-10T16:23:30.898Z info: A request was received [/js/main.js] with a pathname of [/js/main.js]
2018-11-10T16:24:40.747Z info: ******************** Starting up.
2018-11-10T16:24:40.827Z info: A request was received [/depth?depth=2230] with a pathname of [/depth]
2018-11-10T16:24:40.829Z info: About to store a depth of [2230]
2018-11-10T16:24:40.951Z info: 1 document inserted into database.
2018-11-10T16:24:42.524Z info: A request was received [/] with a pathname of [/]
2018-11-10T16:25:01.893Z info: ******************** Starting up.
2018-11-10T16:25:02.698Z info: A request was received [/] with a pathname of [/]
2018-11-10T16:25:02.741Z info: A request was received [/css/normalize.css] with a pathname of [/css/normalize.css]
2018-11-10T16:25:02.744Z info: A request was received [/css/main.css] with a pathname of [/css/main.css]
2018-11-10T16:25:02.747Z info: A request was received [/js/vendor/modernizr-3.6.0.min.js] with a pathname of [/js/vendor/modernizr-3.6.0.min.js]
2018-11-10T16:25:02.748Z info: A request was received [/js/main.js] with a pathname of [/js/main.js]
2018-11-10T16:25:02.750Z info: A request was received [/js/plugins.js] with a pathname of [/js/plugins.js]
2018-11-10T16:28:38.210Z info: ******************** Starting up.
2018-11-10T16:28:43.764Z info: A request was received [/depth?depth=2229] with a pathname of [/depth]
2018-11-10T16:28:43.767Z info: About to store a depth of [2229]
2018-11-10T16:28:43.913Z info: 1 document inserted into database.
2018-11-10T16:28:54.034Z info: A request was received [/depth?depth=2236] with a pathname of [/depth]
2018-11-10T16:28:54.034Z info: About to store a depth of [2236]
2018-11-10T16:28:54.074Z info: 1 document inserted into database.
2018-11-10T16:29:04.193Z info: A request was received [/depth?depth=2228] with a pathname of [/depth]
2018-11-10T16:29:04.194Z info: About to store a depth of [2228]
2018-11-10T16:29:04.216Z info: 1 document inserted into database.
2018-11-10T16:29:14.346Z info: A request was received [/depth?depth=2231] with a pathname of [/depth]
2018-11-10T16:29:14.347Z info: About to store a depth of [2231]
2018-11-10T16:29:14.364Z info: 1 document inserted into database.
2018-11-10T16:29:24.373Z info: A request was received [/depth?depth=70] with a pathname of [/depth]
2018-11-10T16:29:24.374Z info: About to store a depth of [70]
2018-11-10T16:29:24.391Z info: 1 document inserted into database.
2018-11-10T16:29:34.404Z info: A request was received [/depth?depth=64] with a pathname of [/depth]
2018-11-10T16:29:34.405Z info: About to store a depth of [64]
2018-11-10T16:29:34.423Z info: 1 document inserted into database.
2018-11-10T16:29:44.555Z info: A request was received [/depth?depth=2233] with a pathname of [/depth]
2018-11-10T16:29:44.555Z info: About to store a depth of [2233]
2018-11-10T16:29:44.573Z info: 1 document inserted into database.
2018-11-10T16:29:54.595Z info: A request was received [/depth?depth=288] with a pathname of [/depth]
2018-11-10T16:29:54.595Z info: About to store a depth of [288]
2018-11-10T16:29:54.614Z info: 1 document inserted into database.
2018-11-10T16:30:04.745Z info: A request was received [/depth?depth=2236] with a pathname of [/depth]
2018-11-10T16:30:04.746Z info: About to store a depth of [2236]
2018-11-10T16:30:04.755Z info: 1 document inserted into database.
2018-11-10T16:30:14.780Z info: A request was received [/depth?depth=284] with a pathname of [/depth]
2018-11-10T16:30:14.780Z info: About to store a depth of [284]
2018-11-10T16:30:14.798Z info: 1 document inserted into database.
2018-11-10T16:30:24.933Z info: A request was received [/depth?depth=2227] with a pathname of [/depth]
2018-11-10T16:30:24.933Z info: About to store a depth of [2227]
2018-11-10T16:30:24.951Z info: 1 document inserted into database.
2018-11-10T16:30:35.085Z info: A request was received [/depth?depth=2231] with a pathname of [/depth]
2018-11-10T16:30:35.085Z info: About to store a depth of [2231]
2018-11-10T16:30:35.102Z info: 1 document inserted into database.
2018-11-10T16:30:45.234Z info: A request was received [/depth?depth=2239] with a pathname of [/depth]
2018-11-10T16:30:45.234Z info: About to store a depth of [2239]
2018-11-10T16:30:45.243Z info: 1 document inserted into database.
2018-11-10T16:30:55.270Z info: A request was received [/depth?depth=286] with a pathname of [/depth]
2018-11-10T16:30:55.271Z info: About to store a depth of [286]
2018-11-10T16:30:55.287Z info: 1 document inserted into database.
2018-11-10T16:31:00.619Z info: ******************** Starting up.
2018-11-10T16:31:05.306Z info: A request was received [/depth?depth=68] with a pathname of [/depth]
2018-11-10T16:31:05.309Z info: About to store a depth of [68]
2018-11-10T16:31:05.449Z info: 1 document inserted into database.
2018-11-10T16:31:15.400Z info: A request was received [/depth?depth=58] with a pathname of [/depth]
2018-11-10T16:31:15.401Z info: About to store a depth of [58]
2018-11-10T16:31:15.423Z info: 1 document inserted into database.
2018-11-10T16:31:25.560Z info: A request was received [/depth?depth=2233] with a pathname of [/depth]
2018-11-10T16:31:25.560Z info: About to store a depth of [2233]
2018-11-10T16:31:25.582Z info: 1 document inserted into database.
2018-11-10T16:31:35.713Z info: A request was received [/depth?depth=2235] with a pathname of [/depth]
2018-11-10T16:31:35.714Z info: About to store a depth of [2235]
2018-11-10T16:31:35.732Z info: 1 document inserted into database.
2018-11-10T16:31:45.864Z info: A request was received [/depth?depth=2238] with a pathname of [/depth]
2018-11-10T16:31:45.864Z info: About to store a depth of [2238]
2018-11-10T16:31:45.882Z info: 1 document inserted into database.
2018-11-10T16:31:56.013Z info: A request was received [/depth?depth=2229] with a pathname of [/depth]
2018-11-10T16:31:56.014Z info: About to store a depth of [2229]
2018-11-10T16:31:56.031Z info: 1 document inserted into database.
2018-11-10T16:32:06.163Z info: A request was received [/depth?depth=2231] with a pathname of [/depth]
2018-11-10T16:32:06.163Z info: About to store a depth of [2231]
2018-11-10T16:32:06.174Z info: 1 document inserted into database.
2018-11-10T16:32:16.201Z info: A request was received [/depth?depth=286] with a pathname of [/depth]
2018-11-10T16:32:16.202Z info: About to store a depth of [286]
2018-11-10T16:32:16.219Z info: 1 document inserted into database.
2018-11-10T16:32:26.354Z info: A request was received [/depth?depth=2235] with a pathname of [/depth]
2018-11-10T16:32:26.355Z info: About to store a depth of [2235]
2018-11-10T16:32:26.374Z info: 1 document inserted into database.
2018-11-10T16:32:36.510Z info: A request was received [/depth?depth=2236] with a pathname of [/depth]
2018-11-10T16:32:36.512Z info: About to store a depth of [2236]
2018-11-10T16:32:36.531Z info: 1 document inserted into database.
2018-11-10T16:32:46.665Z info: A request was received [/depth?depth=2238] with a pathname of [/depth]
2018-11-10T16:32:46.666Z info: About to store a depth of [2238]
2018-11-10T16:32:46.685Z info: 1 document inserted into database.
2018-11-10T16:32:56.694Z info: A request was received [/depth?depth=62] with a pathname of [/depth]
2018-11-10T16:32:56.695Z info: About to store a depth of [62]
2018-11-10T16:32:56.714Z info: 1 document inserted into database.
2018-11-10T16:33:06.848Z info: A request was received [/depth?depth=2232] with a pathname of [/depth]
2018-11-10T16:33:06.850Z info: About to store a depth of [2232]
2018-11-10T16:33:06.880Z info: 1 document inserted into database.
2018-11-10T16:33:17.002Z info: A request was received [/depth?depth=2235] with a pathname of [/depth]
2018-11-10T16:33:17.003Z info: About to store a depth of [2235]
2018-11-10T16:33:17.021Z info: 1 document inserted into database.
2018-11-10T16:33:27.044Z info: A request was received [/depth?depth=288] with a pathname of [/depth]
2018-11-10T16:33:27.045Z info: About to store a depth of [288]
2018-11-10T16:33:27.063Z info: 1 document inserted into database.
2018-11-10T16:33:37.071Z info: A request was received [/depth?depth=66] with a pathname of [/depth]
2018-11-10T16:33:37.072Z info: About to store a depth of [66]
2018-11-10T16:33:37.086Z info: 1 document inserted into database.
2018-11-10T16:33:47.097Z info: A request was received [/depth?depth=62] with a pathname of [/depth]
2018-11-10T16:33:47.098Z info: About to store a depth of [62]
2018-11-10T16:33:47.115Z info: 1 document inserted into database.
2018-11-10T16:33:57.125Z info: A request was received [/depth?depth=66] with a pathname of [/depth]
2018-11-10T16:33:57.126Z info: About to store a depth of [66]
2018-11-10T16:33:57.150Z info: 1 document inserted into database.
2018-11-10T16:34:01.632Z info: ******************** Starting up.
2018-11-10T16:34:07.172Z info: A request was received [/depth?depth=288] with a pathname of [/depth]
2018-11-10T16:34:07.175Z info: About to store a depth of [288]
2018-11-10T16:34:07.351Z info: 1 document inserted into database.
2018-11-10T16:34:17.386Z info: A request was received [/depth?depth=61] with a pathname of [/depth]
2018-11-10T16:34:17.387Z info: About to store a depth of [61]
2018-11-10T16:34:17.427Z info: 1 document inserted into database.
2018-11-10T16:34:27.547Z info: A request was received [/depth?depth=2237] with a pathname of [/depth]
2018-11-10T16:34:27.548Z info: About to store a depth of [2237]
2018-11-10T16:34:27.570Z info: 1 document inserted into database.
2018-11-10T16:34:33.361Z info: ******************** Starting up.
2018-11-10T16:34:37.579Z info: A request was received [/depth?depth=64] with a pathname of [/depth]
2018-11-10T16:34:37.581Z info: About to store a depth of [64]
2018-11-10T16:34:37.744Z info: 1 document inserted into database.
2018-11-10T16:34:47.901Z info: A request was received [/depth?depth=2107] with a pathname of [/depth]
2018-11-10T16:34:47.902Z info: About to store a depth of [2107]
2018-11-10T16:34:47.923Z info: 1 document inserted into database.
2018-11-10T16:34:52.713Z info: ******************** Starting up.
2018-11-10T16:35:47.778Z info: ******************** Starting up.
2018-11-10T16:36:26.869Z info: ******************** Starting up.
2018-11-10T16:36:38.464Z info: ******************** Starting up.
2018-11-10T16:37:06.270Z info: ******************** Starting up.
2018-11-10T16:37:07.393Z info: About to store a depth of [100]
2018-11-10T16:37:07.561Z info: 1 document inserted into database.
2018-11-10T17:27:39.930Z info: ******************** Starting up.
2018-11-10T17:27:50.424Z info: About to store a depth of [10]
2018-11-10T17:28:48.192Z info: ******************** Starting up.
2018-11-10T17:28:50.791Z info: About to store a depth of [10]
2018-11-10T17:30:37.293Z info: ******************** Starting up.
2018-11-10T17:30:38.637Z info: About to store a depth of [10]
2018-11-10T17:31:25.439Z info: ******************** Starting up.
2018-11-10T17:31:26.046Z info: About to store a depth of [10]
2018-11-10T17:31:42.976Z info: ******************** Starting up.
2018-11-10T17:31:43.057Z info: About to store a depth of [10]
2018-11-10T17:33:29.204Z info: ******************** Starting up.
2018-11-10T17:33:29.903Z info: About to store a depth of [10]
2018-11-10T17:34:23.951Z info: ******************** Starting up.
2018-11-10T17:34:25.460Z info: About to store a depth of [10]
2018-11-10T17:36:50.805Z info: ******************** Starting up.
2018-11-10T17:36:54.515Z info: About to store a depth of [10]
2018-11-10T17:37:06.748Z info: ******************** Starting up.
2018-11-10T17:37:07.019Z info: About to store a depth of [10]
2018-11-10T17:37:07.171Z info: 1 document inserted into database.
2018-11-10T17:39:25.786Z info: ******************** Starting up.
2018-11-10T17:39:51.854Z info: ******************** Starting up.
2018-11-10T17:43:25.610Z info: ******************** Starting up.
2018-11-10T17:43:34.904Z info: About to store a depth of [10]
2018-11-10T17:43:35.029Z info: 1 document inserted into database.
2018-11-10T17:43:35.715Z info: About to store a depth of [10]
2018-11-10T17:43:35.745Z info: 1 document inserted into database.
2018-11-10T17:43:38.038Z info: About to store a depth of [12]
2018-11-10T17:43:38.056Z info: 1 document inserted into database.
2018-11-10T17:43:43.389Z info: About to store a depth of [19]
2018-11-10T17:43:43.408Z info: 1 document inserted into database.
2018-11-10T17:45:30.341Z info: ******************** Starting up.
2018-11-10T17:46:39.138Z info: ******************** Starting up.
2018-11-10T17:48:29.621Z info: ******************** Starting up.
2018-11-10T17:54:12.524Z info: ******************** Starting up.
2018-11-10T17:54:36.180Z info: About to store a depth of [10]
2018-11-10T17:54:36.306Z info: 1 document inserted into database.
2018-11-10T17:54:39.008Z info: About to store a depth of [10]
2018-11-10T17:54:39.028Z info: 1 document inserted into database.
2018-11-10T17:54:44.187Z info: About to store a depth of [12]
2018-11-10T17:54:44.206Z info: 1 document inserted into database.
2018-11-10T17:56:03.666Z info: ******************** Starting up.
2018-11-10T17:56:28.486Z info: ******************** Starting up.
2018-11-10T17:56:31.916Z info: About to store a depth of [12]
2018-11-10T17:56:32.094Z info: 1 document inserted into database.
2018-11-10T17:56:32.399Z info: About to store a depth of [12]
2018-11-10T17:56:32.416Z info: 1 document inserted into database.
2018-11-10T17:56:32.976Z info: About to store a depth of [12]
2018-11-10T17:56:32.993Z info: 1 document inserted into database.
2018-11-10T17:56:33.456Z info: About to store a depth of [12]
2018-11-10T17:56:33.471Z info: 1 document inserted into database.
2018-11-10T17:57:12.789Z info: ******************** Starting up.
2018-11-10T17:57:14.787Z info: About to store a depth of [12]
2018-11-10T17:57:14.894Z info: 1 document inserted into database.
2018-11-10T17:57:15.025Z info: About to store a depth of [12]
2018-11-10T17:57:15.041Z info: 1 document inserted into database.
2018-11-10T17:57:15.248Z info: About to store a depth of [12]
2018-11-10T17:57:15.264Z info: 1 document inserted into database.
2018-11-10T17:57:15.431Z info: About to store a depth of [12]
2018-11-10T17:57:15.448Z info: 1 document inserted into database.
2018-11-10T17:57:15.799Z info: About to store a depth of [12]
2018-11-10T17:57:15.816Z info: 1 document inserted into database.
2018-11-10T17:58:21.248Z info: ******************** Starting up.
2018-11-10T18:43:02.444Z info: ******************** Starting up.
2018-11-10T18:43:46.042Z info: ******************** Starting up.
2018-11-10T18:44:43.338Z info: ******************** Starting up.
2018-11-10T18:45:07.495Z info: ******************** Starting up.
2018-11-10T18:46:38.506Z info: ******************** Starting up.
2018-11-10T18:46:50.540Z info: ******************** Starting up.
2018-11-10T18:52:35.274Z info: ******************** Starting up.
2018-11-10T18:53:03.344Z info: ******************** Starting up.
2018-11-10T18:53:49.054Z info: ******************** Starting up.
2018-11-10T18:55:08.204Z info: ******************** Starting up.
2018-11-10T18:55:30.737Z info: ******************** Starting up.
2018-11-10T18:55:37.240Z info: About to store a depth of [12]
2018-11-10T18:55:37.365Z info: 1 document inserted into database.
2018-11-10T18:55:40.697Z info: About to store a depth of [13]
2018-11-10T18:55:40.741Z info: 1 document inserted into database.
2018-11-10T18:55:44.854Z info: About to store a depth of [14]
2018-11-10T18:55:44.879Z info: 1 document inserted into database.
2018-11-10T18:55:47.488Z info: About to store a depth of [15]
2018-11-10T18:55:47.501Z info: 1 document inserted into database.
2018-11-11T15:19:11.809Z info: ******************** Starting up.
